06-10 14:21:25.919 10279 10292 D IconCustomizer: Generate customized icon for com.android.todolist.png
06-10 14:23:00.359 10279 10292 D IconCustomizer: Generate customized icon for com.android.todolist.png
06-10 14:23:04.206 10588 10588 I dex2oat : /system/bin/dex2oat --input-vdex-fd=-1 --output-vdex-fd=15 --compiler-filter=quicken -j6 --classpath-dir=/data/app/com.android.todolist-3YQubG0qZcgxSDaOQq-Shw== --class-loader-context=PCL[]
06-10 14:23:05.466 10588 10588 I dex2oat : miui_dex2oat: /data/app/com.android.todolist-3YQubG0qZcgxSDaOQq-Shw==/oat/arm64/base.odex dex2oat took 1.262s (3.103s cpu) (threads: 6) arena alloc=6KB (6384B) java alloc=5MB (5591520B) native alloc=7MB (8324816B) free=2MB (2160944B)
06-10 14:23:05.547  2137  2137 D ImsResolver: maybeAddedImsService, packageName: com.android.todolist
06-10 14:23:05.549  2174  2174 I PackageInstallReceiver: action = android.intent.action.PACKAGE_ADDED packageName = com.android.todolist
06-10 14:23:05.549  2174  2174 I ShortCutsCardView: onAppChanged com.android.todolist
06-10 14:23:05.553  2688  2688 I GsaVoiceInteractionSrv: O received Intent { act=android.intent.action.PACKAGE_ADDED dat=package:com.android.todolist flg=0x4000011 (has extras) }
06-10 14:23:05.566  3863  3863 I WakePathManager: PackageMonitor. onPackageAdded: packageName =com.android.todolist
06-10 14:23:05.570  1544  1648 W BroadcastQueue: Background execution not allowed: receiving Intent { act=android.intent.action.PACKAGE_ADDED dat=package:com.android.todolist flg=0x4000011 (has extras) } to com.lbe.security.miui/com.lbe.security.service.BootReceiver
06-10 14:23:05.580  1544  1648 W BroadcastQueue: Background execution not allowed: receiving Intent { act=android.intent.action.PACKAGE_ADDED dat=package:com.android.todolist flg=0x4000011 (has extras) } to com.android.settings/.search.provider.UpdateReceiver
06-10 14:23:05.592  9205  9205 I SystemUpdate-LocalAppManager: add package to list: com.android.todolist
06-10 14:23:05.601  9472  9472 E AD-PLUGIN-InstalledDialog: no ad：com.android.todolist
06-10 14:23:05.712  1544  1648 W BroadcastQueue: Background execution not allowed: receiving Intent { act=android.intent.action.PACKAGE_ADDED dat=package:com.android.todolist flg=0x4000011 (has extras) } to com.android.vending/com.google.android.finsky.packagemanager.impl.PackageMonitorReceiverImpl$RegisteredReceiver
06-10 14:23:05.712  1544  1648 W BroadcastQueue: Background execution not allowed: receiving Intent { act=android.intent.action.PACKAGE_ADDED dat=package:com.android.todolist flg=0x4000011 (has extras) } to com.facebook.appmanager/com.facebook.oxygen.appmanager.common.packages.event.manifest.ManifestPackageEventReceiver
06-10 14:23:05.726  1544  1648 W BroadcastQueue: Background execution not allowed: receiving Intent { act=android.intent.action.PACKAGE_ADDED dat=package:com.android.todolist flg=0x4000011 (has extras) } to com.google.android.gms/.games.chimera.GamesSystemBroadcastReceiverProxy
06-10 14:23:05.727  1544  1648 W BroadcastQueue: Background execution not allowed: receiving Intent { act=android.intent.action.PACKAGE_ADDED dat=package:com.android.todolist flg=0x4000011 (has extras) } to com.google.android.gms/.gass.chimera.PackageChangeBroadcastReceiver
06-10 14:23:06.004  1544  1648 W BroadcastQueue: Background execution not allowed: receiving Intent { act=android.intent.action.PACKAGE_ADDED dat=package:com.android.todolist flg=0x4000011 (has extras) } to com.google.android.gms/.chimera.GmsIntentOperationService$PersistentTrustedReceiver
06-10 14:23:06.004  1544  1648 W BroadcastQueue: Background execution not allowed: receiving Intent { act=android.intent.action.PACKAGE_ADDED dat=package:com.android.todolist flg=0x4000011 (has extras) } to com.google.android.googlequicksearchbox/com.google.android.apps.gsa.googlequicksearchbox.GelStubAppWatcher
06-10 14:23:06.244  1544  1648 W XSpaceManagerService: update XSpace App: packageName:com.android.todolist, user:UserHandle{0}, action:android.intent.action.PACKAGE_ADDED
06-10 14:23:06.244  2174  2174 D Launcher.Model: LauncherAppsCallback onPackageAdded|com.android.todolist|UserHandle{0}
06-10 14:23:06.244  2174  2278 D Launcher.Model: Got broadcast:Intent { act=android.intent.action.PACKAGE_ADDED dat=package:com.android.todolist (has extras) }
06-10 14:23:06.273  2662 10644 W GCM     : Unexpected forwarded intent: Intent { act=android.intent.action.PACKAGE_ADDED dat=package:com.android.todolist flg=0x4000011 pkg=com.google.android.gms cmp=com.google.android.gms/.chimera.PersistentIntentOperationService (has extras) }
06-10 14:23:06.278  2662 10639 I FontLog : Package com.android.todolist has no metadata [CONTEXT service_id=132 ]
06-10 14:23:06.279  2662 10646 W GCM     : Unexpected forwarded intent: Intent { act=android.intent.action.PACKAGE_ADDED dat=package:com.android.todolist flg=0x4000011 pkg=com.google.android.gms cmp=com.google.android.gms/.chimera.PersistentIntentOperationService (has extras) }
06-10 14:23:06.292  2174  2278 E Launcher.AllAppsList: Can't load postion for packageName: com.android.todolist activityName: com.android.todolist.MainActivity
06-10 14:23:06.295  1544  2955 W BroadcastQueue: Background execution not allowed: receiving Intent { act=android.intent.action.PACKAGE_ADDED dat=package:com.android.todolist flg=0x4000011 (has extras) } to com.miui.global.packageinstaller/.AppInstalledReceiver
06-10 14:23:06.525  1544  1648 W BroadcastQueue: Background execution not allowed: receiving Intent { act=android.intent.action.PACKAGE_ADDED dat=package:com.android.todolist flg=0x4000011 (has extras) } to com.xiaomi.discover/com.xiaomi.market.data.MyPackageMonitor
06-10 14:23:06.525  1544  1648 W BroadcastQueue: Background execution not allowed: receiving Intent { act=android.intent.action.PACKAGE_ADDED dat=package:com.android.todolist flg=0x4000011 (has extras) } to com.xiaomi.glgm/.data.MyPackageMonitor
06-10 14:23:06.561  1544  1648 W BroadcastQueue: Background execution not allowed: receiving Intent { act=android.intent.action.PACKAGE_ADDED dat=package:com.android.todolist flg=0x4000011 (has extras) } to com.xiaomi.mipicks/com.xiaomi.market.data.MyPackageMonitor
06-10 14:23:06.562  1544  1648 W BroadcastQueue: Background execution not allowed: receiving Intent { act=android.intent.action.PACKAGE_ADDED dat=package:com.android.todolist flg=0x4000011 (has extras) } to com.xiaomi.misettings/.usagestats.AppTimerReceiver
06-10 14:23:06.598  2174  2278 D AutoInstallsParser: isPAIPackageName: com.android.todolist
06-10 14:23:06.608  2174  2278 D Launcher.Model: onReceiveBackground, mAllAppsList=add=[(0, ShortcutInfo, id=-1, itemType=0, user=UserHandle{0}, mIconType=0, mTitle=To Do List, mLabel=To Do List, pkgName=com.android.todolist, className=com.android.todolist.MainActivity, screenId=-1, container=-1, cellX=-1, cellY=-1, spanX=1, spanY=1, isLandscapePos=false)]
06-10 14:23:06.637  2174  2174 D Launcher: add item to launcher when bind apps added, info=ShortcutInfo, id=-1, itemType=0, user=UserHandle{0}, mIconType=0, mTitle=To Do List, mLabel=To Do List, pkgName=com.android.todolist, className=com.android.todolist.MainActivity, screenId=-1, container=-1, cellX=-1, cellY=-1, spanX=1, spanY=1, isLandscapePos=false
06-10 14:23:06.638  2174  2174 D Launcher: addItemToWorkspace, add item into db, item=ShortcutInfo, id=-1, itemType=0, user=UserHandle{0}, mIconType=0, mTitle=To Do List, mLabel=To Do List, pkgName=com.android.todolist, className=com.android.todolist.MainActivity, screenId=4, container=-100, cellX=2, cellY=0, spanX=1, spanY=1, isLandscapePos=false
06-10 14:23:06.638  2174  2174 D Launcher.Model: Insert item com.android.todolist to database (2, 0) of screen 4
06-10 14:23:06.650  2174  2174 D Launcher.CellLayout: updateCellOccupiedMarks, update, ShortcutInfo, id=93, itemType=0, user=UserHandle{0}, mIconType=0, mTitle=To Do List, mLabel=To Do List, pkgName=com.android.todolist, className=com.android.todolist.MainActivity, screenId=4, container=-100, cellX=2, cellY=0, spanX=1, spanY=1, isLandscapePos=false
06-10 14:23:06.659  2174  2278 D Launcher.ShortcutInfo: onAddToDatabase, this=ShortcutInfo, id=93, itemType=0, user=UserHandle{0}, mIconType=0, mTitle=To Do List, mLabel=To Do List, pkgName=com.android.todolist, className=com.android.todolist.MainActivity, screenId=4, container=-100, cellX=2, cellY=0, spanX=1, spanY=1, isLandscapePos=false
06-10 14:23:06.664  2174  2334 D IconCustomizer: Generate customized icon for com.android.todolist.png
06-10 14:23:06.808 10655 10672 D AppIndex.Database: delete functions. package = com.android.todolist , id = 0
06-10 14:23:06.853  9800  9800 I FindDeviceGNReceiver: isReplace: false, packageName: package:com.android.todolist. 
06-10 14:50:49.760  2174  2174 D Launcher.CellLayout: touch item:ShortcutInfo, id=93, itemType=0, user=UserHandle{0}, mIconType=0, mTitle=To Do List, mLabel=To Do List, pkgName=com.android.todolist, className=com.android.todolist.MainActivity, screenId=4, container=-100, cellX=2, cellY=0, spanX=1, spanY=1, isLandscapePos=false
06-10 14:50:50.195  2174  2174 D Launcher.CellLayout: updateCellOccupiedMarks, remove, ShortcutInfo, id=93, itemType=0, user=UserHandle{0}, mIconType=0, mTitle=To Do List, mLabel=To Do List, pkgName=com.android.todolist, className=com.android.todolist.MainActivity, screenId=4, container=-100, cellX=2, cellY=0, spanX=1, spanY=1, isLandscapePos=false
06-10 14:50:50.196  2174  2174 D Launcher_DragView: new DragView:ShortcutInfo, id=93, itemType=0, user=UserHandle{0}, mIconType=0, mTitle=To Do List, mLabel=To Do List, pkgName=com.android.todolist, className=com.android.todolist.MainActivity
06-10 14:50:50.209  2174  2333 D Launcher.ShortcutMenu: can share, pkgName=com.android.todolist, hasValidFile=true
06-10 14:50:50.212  2174  2174 D Launcher.CellLayout: updateCellOccupiedMarks, remove, ShortcutInfo, id=93, itemType=0, user=UserHandle{0}, mIconType=0, mTitle=To Do List, mLabel=To Do List, pkgName=com.android.todolist, className=com.android.todolist.MainActivity, screenId=4, container=-100, cellX=2, cellY=0, spanX=1, spanY=1, isLandscapePos=false
06-10 14:50:50.505  2174  2333 D Launcher.ShortcutMenu: dual app, pkgName=com.android.todolist, isValid=true
06-10 14:50:50.969  2174  2174 D Launcher.DragController: drop, from=ShortcutInfo, id=93, itemType=0, user=UserHandle{0}, mIconType=0, mTitle=To Do List, mLabel=To Do List, pkgName=com.android.todolist, className=com.android.todolist.MainActivity, screenId=4, container=-100, cellX=2, cellY=0, spanX=1, spanY=1, isLandscapePos=false
06-10 14:50:50.969  2174  2174 D Launcher.CellLayout: updateCellOccupiedMarks, update, ShortcutInfo, id=93, itemType=0, user=UserHandle{0}, mIconType=0, mTitle=To Do List, mLabel=To Do List, pkgName=com.android.todolist, className=com.android.todolist.MainActivity, screenId=4, container=-100, cellX=2, cellY=0, spanX=1, spanY=1, isLandscapePos=false
06-10 14:50:50.970  2174  2174 D Launcher.DragController: drop succeed, to ShortcutInfo, id=93, itemType=0, user=UserHandle{0}, mIconType=0, mTitle=To Do List, mLabel=To Do List, pkgName=com.android.todolist, className=com.android.todolist.MainActivity, screenId=4, container=-100, cellX=2, cellY=0, spanX=1, spanY=1, isLandscapePos=false
06-10 14:50:50.973  2174  2174 D Launcher.CellLayout: saveCurrentLayout, info=ShortcutInfo, id=93, itemType=0, user=UserHandle{0}, mIconType=0, mTitle=To Do List, mLabel=To Do List, pkgName=com.android.todolist, className=com.android.todolist.MainActivity, screenId=4, container=-100, cellX=2, cellY=0, spanX=1, spanY=1, isLandscapePos=false
06-10 14:50:50.974  2174  2174 D Launcher.ShortcutMenu: show shortcut menu when drop, pkgName=com.android.todolist
06-10 14:50:51.968  2174  2174 D Launcher.ShortcutMenu: hide ShortcutMenu, pkgName=com.android.todolist, reason=click_outside_of_menu
06-10 14:50:53.927  2174  2174 D Launcher.CellLayout: touch item:ShortcutInfo, id=93, itemType=0, user=UserHandle{0}, mIconType=0, mTitle=To Do List, mLabel=To Do List, pkgName=com.android.todolist, className=com.android.todolist.MainActivity, screenId=4, container=-100, cellX=2, cellY=0, spanX=1, spanY=1, isLandscapePos=false
06-10 14:50:54.237  2174  2174 D Launcher.CellLayout: updateCellOccupiedMarks, remove, ShortcutInfo, id=93, itemType=0, user=UserHandle{0}, mIconType=0, mTitle=To Do List, mLabel=To Do List, pkgName=com.android.todolist, className=com.android.todolist.MainActivity, screenId=4, container=-100, cellX=2, cellY=0, spanX=1, spanY=1, isLandscapePos=false
06-10 14:50:54.238  2174  2174 D Launcher_DragView: new DragView:ShortcutInfo, id=93, itemType=0, user=UserHandle{0}, mIconType=0, mTitle=To Do List, mLabel=To Do List, pkgName=com.android.todolist, className=com.android.todolist.MainActivity
06-10 14:50:54.240  2174  2174 D Launcher.CellLayout: updateCellOccupiedMarks, remove, ShortcutInfo, id=93, itemType=0, user=UserHandle{0}, mIconType=0, mTitle=To Do List, mLabel=To Do List, pkgName=com.android.todolist, className=com.android.todolist.MainActivity, screenId=4, container=-100, cellX=2, cellY=0, spanX=1, spanY=1, isLandscapePos=false
06-10 14:50:54.241  2174  2341 D Launcher.ShortcutMenu: can share, pkgName=com.android.todolist, hasValidFile=true
06-10 14:50:54.541  2174  2341 D Launcher.ShortcutMenu: dual app, pkgName=com.android.todolist, isValid=true
06-10 14:50:54.888  2174  2174 D Launcher.ShortcutMenu: hide ShortcutMenu, pkgName=com.android.todolist, reason=drag_over_threshold
06-10 14:50:56.850  2174  2174 D Launcher.DragController: drop, from=ShortcutInfo, id=93, itemType=0, user=UserHandle{0}, mIconType=0, mTitle=To Do List, mLabel=To Do List, pkgName=com.android.todolist, className=com.android.todolist.MainActivity, screenId=4, container=-100, cellX=2, cellY=0, spanX=1, spanY=1, isLandscapePos=false
06-10 14:50:56.863  2174  2174 W System.err: android.content.pm.PackageManager$NameNotFoundException: com.android.todolist
06-10 14:50:56.873  2174  2174 D Launcher.DragController: drop succeed, to ShortcutInfo, id=93, itemType=0, user=UserHandle{0}, mIconType=0, mTitle=To Do List, mLabel=To Do List, pkgName=com.android.todolist, className=com.android.todolist.MainActivity, screenId=4, container=-100, cellX=2, cellY=0, spanX=1, spanY=1, isLandscapePos=false
06-10 14:50:57.925  2174  2279 W System.err: android.content.pm.PackageManager$NameNotFoundException: com.android.todolist
06-10 14:50:58.938  2174  2174 W System.err: android.content.pm.PackageManager$NameNotFoundException: com.android.todolist
06-10 14:51:00.389  1544  1648 W BroadcastQueue: Background execution not allowed: receiving Intent { act=android.intent.action.PACKAGE_REMOVED dat=package:com.android.todolist flg=0x4000010 (has extras) } to com.google.android.apps.magazines/com.google.android.libraries.social.peoplekit.thirdparty.viewcontrollers.ThirdPartyReceiver
06-10 14:51:00.407  2174  2174 I PackageInstallReceiver: action = android.intent.action.PACKAGE_REMOVED packageName = com.android.todolist
06-10 14:51:00.417  2688  2688 I GsaVoiceInteractionSrv: O received Intent { act=android.intent.action.PACKAGE_REMOVED dat=package:com.android.todolist flg=0x4000011 (has extras) }
06-10 14:51:00.420  1544  1648 W BroadcastQueue: Background execution not allowed: receiving Intent { act=android.intent.action.PACKAGE_REMOVED dat=package:com.android.todolist flg=0x4000011 (has extras) } to com.lbe.security.miui/com.lbe.security.service.BootReceiver
06-10 14:51:00.441  2174  2174 I ShortCutsCardView: onAppChanged com.android.todolist
06-10 14:51:00.508  1544  1648 W BroadcastQueue: Background execution not allowed: receiving Intent { act=android.intent.action.PACKAGE_REMOVED dat=package:com.android.todolist flg=0x4000011 (has extras) } to com.android.settings/.search.provider.UpdateReceiver
06-10 14:51:00.508  1544  1648 W BroadcastQueue: Background execution not allowed: receiving Intent { act=android.intent.action.PACKAGE_REMOVED dat=package:com.android.todolist flg=0x4000011 (has extras) } to com.android.vending/com.google.android.finsky.packagemanager.impl.PackageMonitorReceiverImpl$RegisteredReceiver
06-10 14:51:00.508  1544  1648 W BroadcastQueue: Background execution not allowed: receiving Intent { act=android.intent.action.PACKAGE_REMOVED dat=package:com.android.todolist flg=0x4000011 (has extras) } to com.android.vending/com.google.android.finsky.instantapps.appmanagement.InstantAppRemoveMonitor
06-10 14:51:00.509  1544  1648 W BroadcastQueue: Background execution not allowed: receiving Intent { act=android.intent.action.PACKAGE_REMOVED dat=package:com.android.todolist flg=0x4000011 (has extras) } to com.google.android.apps.maps/com.google.android.libraries.social.peoplekit.thirdparty.viewcontrollers.ThirdPartyReceiver
06-10 14:51:00.509  1544  1648 W BroadcastQueue: Background execution not allowed: receiving Intent { act=android.intent.action.PACKAGE_REMOVED dat=package:com.android.todolist flg=0x4000011 (has extras) } to com.google.android.apps.photos/com.google.android.libraries.social.peoplekit.thirdparty.viewcontrollers.ThirdPartyReceiver
06-10 14:51:00.509  1544  1648 W BroadcastQueue: Background execution not allowed: receiving Intent { act=android.intent.action.PACKAGE_REMOVED dat=package:com.android.todolist flg=0x4000011 (has extras) } to com.google.android.gms/.games.chimera.GamesSystemBroadcastReceiverProxy
06-10 14:51:00.510  1544  1648 W BroadcastQueue: Background execution not allowed: receiving Intent { act=android.intent.action.PACKAGE_REMOVED dat=package:com.android.todolist flg=0x4000011 (has extras) } to com.google.android.gms/.chimera.GmsIntentOperationService$PersistentTrustedReceiver
06-10 14:51:00.510  1544  1648 W BroadcastQueue: Background execution not allowed: receiving Intent { act=android.intent.action.PACKAGE_REMOVED dat=package:com.android.todolist flg=0x4000011 (has extras) } to com.google.android.googlequicksearchbox/com.google.android.apps.gsa.googlequicksearchbox.GelStubAppWatcher
06-10 14:51:00.530 11493 11493 I Finsky  : [2] pgr.n(8): Invalidating cached PackageState for com.android.todolist
06-10 14:51:00.532 11493 11493 I Finsky  : [2] pgr.s(3): Package no longer installed: com.android.todolist
06-10 14:51:00.566 11493 11493 I Finsky  : [2] pgr.s(3): Package no longer installed: com.android.todolist
06-10 14:51:00.602 11493 12883 I Finsky  : [786] faw.a(28): Asset module storage cleared for package com.android.todolist.
06-10 14:51:00.637 11493 11537 I Finsky  : [719] fhr.a(5): AIM: AppInfoManager-Perf > OnDeviceAppInfo > cacheHitCount=0, cacheMissCount=1. Missed  in cache (limit 10) : [com.android.todolist]
06-10 14:51:00.661 11493 11493 W Finsky  : [2] svy.b(7): STU: Failed to get storage stats for package 'com.android.todolist' (1601: Error getting stats: android.content.pm.PackageManager.NameNotFoundException)
06-10 14:51:00.722  6483  6545 I ResidentChecker: check: StartScan pkg=com.android.todolist
06-10 14:51:00.766  1544  1648 W XSpaceManagerService: update XSpace App: packageName:com.android.todolist, user:UserHandle{0}, action:android.intent.action.PACKAGE_REMOVED
06-10 14:51:00.766  2174  2174 D Launcher.Model: LauncherAppsCallback onPackageRemoved|com.android.todolist|UserHandle{0}
06-10 14:51:00.767  2174  2278 D Launcher.Model: Got broadcast:Intent { act=android.intent.action.PACKAGE_REMOVED dat=package:com.android.todolist (has extras) }
06-10 14:51:00.768  2174  2278 D AutoInstallsParser: isPAIPackageName: com.android.todolist
06-10 14:51:00.778  2174  2278 D Launcher.Model: onReceiveBackground, mAllAppsList= remove=[(0, packageName=com.android.todolist, user=UserHandle{0})]
06-10 14:51:01.012  3207 12942 I BlockstoreStorage: Setting IsLastInstallationDataPerPackage bit to true for package com.android.todolist [CONTEXT service_id=258 ]
06-10 14:51:01.201 12928 12928 I VSC-AppInstallReceiver: action: android.intent.action.PACKAGE_REMOVED, packageName: com.android.todolist
06-10 14:51:01.243  1544  3045 W BroadcastQueue: Background execution not allowed: receiving Intent { act=android.intent.action.PACKAGE_REMOVED dat=package:com.android.todolist flg=0x4000011 (has extras) } to com.xiaomi.discover/com.xiaomi.market.data.MyPackageMonitor
06-10 14:51:01.243  1544  1648 W BroadcastQueue: Background execution not allowed: receiving Intent { act=android.intent.action.PACKAGE_REMOVED dat=package:com.android.todolist flg=0x4000011 (has extras) } to com.xiaomi.glgm/.data.MyPackageMonitor
06-10 14:51:01.244  1544  1648 W BroadcastQueue: Background execution not allowed: receiving Intent { act=android.intent.action.PACKAGE_REMOVED dat=package:com.android.todolist flg=0x4000011 (has extras) } to com.xiaomi.mipicks/com.xiaomi.market.data.MyPackageMonitor
06-10 14:51:01.244  1544  1648 W BroadcastQueue: Background execution not allowed: receiving Intent { act=android.intent.action.PACKAGE_REMOVED dat=package:com.android.todolist flg=0x4000011 (has extras) } to com.xiaomi.misettings/.usagestats.AppTimerReceiver
06-10 14:51:01.249  3207 12504 I Icing   : doRemovePackageData com.android.todolist
06-10 14:51:01.447  1544  2230 W BroadcastQueue: Background execution not allowed: receiving Intent { act=android.intent.action.PACKAGE_REMOVED dat=package:com.android.todolist flg=0x4000011 (has extras) } to com.xiaomi.xmsf/.pushcontrol.PkgUninstallReceiver
06-10 14:51:01.456  1544  1648 W BroadcastQueue: Background execution not allowed: receiving Intent { act=android.intent.action.PACKAGE_REMOVED dat=package:com.android.todolist flg=0x4000011 (has extras) } to com.xiaomi.xmsf/com.xiaomi.push.service.receivers.PkgUninstallReceiver
06-10 14:51:01.973 11493 11493 I Finsky  : [2] pgr.n(8): Invalidating cached PackageState for com.android.todolist
06-10 14:51:01.974 11493 11493 I Finsky  : [2] pgr.s(3): Package no longer installed: com.android.todolist
06-10 14:52:35.187 13440 13454 D IconCustomizer: Generate customized icon for com.android.todolist.png
06-10 14:52:37.838  2932 13476 D PackageVerifyedRecevier: verify package /data/app/vmdl633695644.tmp info:  PackageInfo{bce5d46 com.android.todolist}
06-10 14:52:39.042 13498 13498 I dex2oat : /system/bin/dex2oat --input-vdex-fd=-1 --output-vdex-fd=15 --compiler-filter=quicken -j6 --classpath-dir=/data/app/com.android.todolist-iDRZegLLa4HqVoUebdQRXA== --class-loader-context=PCL[]
06-10 14:52:40.271 13498 13498 I dex2oat : miui_dex2oat: /data/app/com.android.todolist-iDRZegLLa4HqVoUebdQRXA==/oat/arm64/base.odex dex2oat took 1.238s (3.221s cpu) (threads: 6) arena alloc=5KB (5328B) java alloc=5MB (5607904B) native alloc=8MB (8481000B) free=2MB (2529048B)
06-10 14:52:40.368  2137  2137 D ImsResolver: maybeAddedImsService, packageName: com.android.todolist
06-10 14:52:40.370  2174  2174 I PackageInstallReceiver: action = android.intent.action.PACKAGE_ADDED packageName = com.android.todolist
06-10 14:52:40.370  2174  2174 I ShortCutsCardView: onAppChanged com.android.todolist
06-10 14:52:40.374  2688  2688 I GsaVoiceInteractionSrv: O received Intent { act=android.intent.action.PACKAGE_ADDED dat=package:com.android.todolist flg=0x4000011 (has extras) }
06-10 14:52:40.374  3863  3863 I WakePathManager: PackageMonitor. onPackageAdded: packageName =com.android.todolist
06-10 14:52:40.376  2932  4298 D AppInstalledReceiver: packageName: com.android.todolist
06-10 14:52:40.379  9472  9472 E AD-PLUGIN-InstalledDialog: no ad：com.android.todolist
06-10 14:52:40.380 11493 11493 I Finsky  : [2] pgr.n(8): Invalidating cached PackageState for com.android.todolist
06-10 14:52:40.386  1544  1648 W BroadcastQueue: Background execution not allowed: receiving Intent { act=android.intent.action.PACKAGE_ADDED dat=package:com.android.todolist flg=0x4000011 (has extras) } to com.lbe.security.miui/com.lbe.security.service.BootReceiver
06-10 14:52:40.386  2932  2932 I InstalledAppMonitor: com.android.todolistonReceive add pkg=com.android.todolist
06-10 14:52:40.389  2932  4196 I GameBoosterNewApp: com.android.todolist isGameFromJson false
06-10 14:52:40.390  2932  4196 I GameBoosterNewApp: com.android.todolist isGameFromLocal false
06-10 14:52:40.396  2932  2932 D AppCompatStateReceiver: AppCompatStateReceiver package_name=com.android.todolist,app_status=0
06-10 14:52:40.399  2932 13511 D AppCompatStateReceiver: json params=[{"pkg":"com.android.todolist","ver":"1"}]
06-10 14:52:40.406 13299 13299 I SystemUpdate-LocalAppManager: add package to list: com.android.todolist
06-10 14:52:40.454  1544  1648 W BroadcastQueue: Background execution not allowed: receiving Intent { act=android.intent.action.PACKAGE_ADDED dat=package:com.android.todolist flg=0x4000011 (has extras) } to com.android.settings/.search.provider.UpdateReceiver
06-10 14:52:40.495 11493 11537 I Finsky  : [719] fhr.a(5): AIM: AppInfoManager-Perf > OnDeviceAppInfo > cacheHitCount=0, cacheMissCount=1. Missed  in cache (limit 10) : [com.android.todolist]
06-10 14:52:40.537 11493 11538 I Finsky  : [720] fhr.a(5): AIM: AppInfoManager-Perf > OnDeviceAppInfo > cacheHitCount=0, cacheMissCount=1. Missed  in cache (limit 10) : [com.android.todolist]
06-10 14:52:40.564 11493 13522 I Finsky  : [801] faw.a(28): Asset module storage cleared for package com.android.todolist.
06-10 14:52:40.593 11493 11537 D IconCustomizer: Generate customized icon for com.android.todolist.png
06-10 14:52:40.802  1544  1648 W BroadcastQueue: Background execution not allowed: receiving Intent { act=android.intent.action.PACKAGE_ADDED dat=package:com.android.todolist flg=0x4000011 (has extras) } to com.android.vending/com.google.android.finsky.packagemanager.impl.PackageMonitorReceiverImpl$RegisteredReceiver
06-10 14:52:40.804  1544  1648 W BroadcastQueue: Background execution not allowed: receiving Intent { act=android.intent.action.PACKAGE_ADDED dat=package:com.android.todolist flg=0x4000011 (has extras) } to com.facebook.appmanager/com.facebook.oxygen.appmanager.common.packages.event.manifest.ManifestPackageEventReceiver
06-10 14:52:40.804  1544  1648 W BroadcastQueue: Background execution not allowed: receiving Intent { act=android.intent.action.PACKAGE_ADDED dat=package:com.android.todolist flg=0x4000011 (has extras) } to com.google.android.gms/.games.chimera.GamesSystemBroadcastReceiverProxy
06-10 14:52:40.805  1544  1648 W BroadcastQueue: Background execution not allowed: receiving Intent { act=android.intent.action.PACKAGE_ADDED dat=package:com.android.todolist flg=0x4000011 (has extras) } to com.google.android.gms/.gass.chimera.PackageChangeBroadcastReceiver
06-10 14:52:40.805  1544  1648 W BroadcastQueue: Background execution not allowed: receiving Intent { act=android.intent.action.PACKAGE_ADDED dat=package:com.android.todolist flg=0x4000011 (has extras) } to com.google.android.gms/.chimera.GmsIntentOperationService$PersistentTrustedReceiver
06-10 14:52:40.806  1544  1648 W BroadcastQueue: Background execution not allowed: receiving Intent { act=android.intent.action.PACKAGE_ADDED dat=package:com.android.todolist flg=0x4000011 (has extras) } to com.google.android.googlequicksearchbox/com.google.android.apps.gsa.googlequicksearchbox.GelStubAppWatcher
06-10 14:52:40.875  1544  1648 W XSpaceManagerService: update XSpace App: packageName:com.android.todolist, user:UserHandle{0}, action:android.intent.action.PACKAGE_ADDED
06-10 14:52:40.875  2174  2174 D Launcher.Model: LauncherAppsCallback onPackageAdded|com.android.todolist|UserHandle{0}
06-10 14:52:40.875  2174  2278 D Launcher.Model: Got broadcast:Intent { act=android.intent.action.PACKAGE_ADDED dat=package:com.android.todolist (has extras) }
06-10 14:52:40.916  2174  2278 E Launcher.AllAppsList: Can't load postion for packageName: com.android.todolist activityName: com.android.todolist.MainActivity
06-10 14:52:40.925  1544  2234 W BroadcastQueue: Background execution not allowed: receiving Intent { act=android.intent.action.PACKAGE_ADDED dat=package:com.android.todolist flg=0x4000011 (has extras) } to com.miui.global.packageinstaller/.AppInstalledReceiver
06-10 14:52:40.941  1544  1648 W BroadcastQueue: Background execution not allowed: receiving Intent { act=android.intent.action.PACKAGE_ADDED dat=package:com.android.todolist flg=0x4000011 (has extras) } to com.xiaomi.discover/com.xiaomi.market.data.MyPackageMonitor
06-10 14:52:40.944  1544  1648 W BroadcastQueue: Background execution not allowed: receiving Intent { act=android.intent.action.PACKAGE_ADDED dat=package:com.android.todolist flg=0x4000011 (has extras) } to com.xiaomi.glgm/.data.MyPackageMonitor
06-10 14:52:40.947  1544  1648 W BroadcastQueue: Background execution not allowed: receiving Intent { act=android.intent.action.PACKAGE_ADDED dat=package:com.android.todolist flg=0x4000011 (has extras) } to com.xiaomi.mipicks/com.xiaomi.market.data.MyPackageMonitor
06-10 14:52:40.954  2174  2278 D AutoInstallsParser: isPAIPackageName: com.android.todolist
06-10 14:52:40.957  2174  2278 D Launcher.Model: onReceiveBackground, mAllAppsList=add=[(0, ShortcutInfo, id=-1, itemType=0, user=UserHandle{0}, mIconType=0, mTitle=To Do List, mLabel=To Do List, pkgName=com.android.todolist, className=com.android.todolist.MainActivity, screenId=-1, container=-1, cellX=-1, cellY=-1, spanX=1, spanY=1, isLandscapePos=false)]
06-10 14:52:40.976  1544  1648 W BroadcastQueue: Background execution not allowed: receiving Intent { act=android.intent.action.PACKAGE_ADDED dat=package:com.android.todolist flg=0x4000011 (has extras) } to com.xiaomi.misettings/.usagestats.AppTimerReceiver
06-10 14:52:40.995  2174  2174 D Launcher: add item to launcher when bind apps added, info=ShortcutInfo, id=-1, itemType=0, user=UserHandle{0}, mIconType=0, mTitle=To Do List, mLabel=To Do List, pkgName=com.android.todolist, className=com.android.todolist.MainActivity, screenId=-1, container=-1, cellX=-1, cellY=-1, spanX=1, spanY=1, isLandscapePos=false
06-10 14:52:40.995  2174  2174 D Launcher: addItemToWorkspace, add item into db, item=ShortcutInfo, id=-1, itemType=0, user=UserHandle{0}, mIconType=0, mTitle=To Do List, mLabel=To Do List, pkgName=com.android.todolist, className=com.android.todolist.MainActivity, screenId=4, container=-100, cellX=2, cellY=0, spanX=1, spanY=1, isLandscapePos=false
06-10 14:52:40.996  2174  2174 D Launcher.Model: Insert item com.android.todolist to database (2, 0) of screen 4
06-10 14:52:40.997  2174  2278 D Launcher.ShortcutInfo: onAddToDatabase, this=ShortcutInfo, id=94, itemType=0, user=UserHandle{0}, mIconType=0, mTitle=To Do List, mLabel=To Do List, pkgName=com.android.todolist, className=com.android.todolist.MainActivity, screenId=4, container=-100, cellX=2, cellY=0, spanX=1, spanY=1, isLandscapePos=false
06-10 14:52:41.008  2174  2174 D Launcher.CellLayout: updateCellOccupiedMarks, update, ShortcutInfo, id=94, itemType=0, user=UserHandle{0}, mIconType=0, mTitle=To Do List, mLabel=To Do List, pkgName=com.android.todolist, className=com.android.todolist.MainActivity, screenId=4, container=-100, cellX=2, cellY=0, spanX=1, spanY=1, isLandscapePos=false
06-10 14:52:41.018  2174  2279 D IconCustomizer: Generate customized icon for com.android.todolist.png
06-10 14:52:41.348 12957 13552 D AppIndex.Database: delete functions. package = com.android.todolist , id = 0
06-10 14:52:41.426  2662 13555 W GCM     : Unexpected forwarded intent: Intent { act=android.intent.action.PACKAGE_ADDED dat=package:com.android.todolist flg=0x4000011 pkg=com.google.android.gms cmp=com.google.android.gms/.chimera.PersistentIntentOperationService (has extras) }
06-10 14:52:41.427  2662 13555 W GCM     : Unexpected forwarded intent: Intent { act=android.intent.action.PACKAGE_ADDED dat=package:com.android.todolist flg=0x4000011 pkg=com.google.android.gms cmp=com.google.android.gms/.chimera.PersistentIntentOperationService (has extras) }
06-10 14:52:41.428  2662 13554 I FontLog : Package com.android.todolist has no metadata [CONTEXT service_id=132 ]
06-10 14:52:42.042 13561 13561 I FindDeviceGNReceiver: isReplace: false, packageName: package:com.android.todolist. 
06-10 14:53:57.629  2174  2174 D Launcher.CellLayout: touch item:ShortcutInfo, id=94, itemType=0, user=UserHandle{0}, mIconType=0, mTitle=To Do List, mLabel=To Do List, pkgName=com.android.todolist, className=com.android.todolist.MainActivity, screenId=4, container=-100, cellX=2, cellY=0, spanX=1, spanY=1, isLandscapePos=false
06-10 14:53:57.690  1544  2796 W WindowManager: Attempted to set focus to non-existing app token: Token{5ac3bbf ActivityRecord{943d28c u0 com.android.todolist/.MainActivity t11688}}
06-10 14:53:57.694  1544  2796 D ActivityTrigger: activityStartTrigger: Activity is Triggerred in full screen ApplicationInfo{4f7dd5 com.android.todolist}
06-10 14:53:57.695  1544  2796 E ActivityTrigger: activityStartTrigger: not whiteListedcom.android.todolist/com.android.todolist.MainActivity/1
06-10 14:53:57.696  1544  2796 D ActivityTrigger: activityResumeTrigger: The activity in ApplicationInfo{4f7dd5 com.android.todolist} is now in focus and seems to be in full-screen mode
06-10 14:53:57.697  1544  2796 E ActivityTrigger: activityResumeTrigger: not whiteListedcom.android.todolist/com.android.todolist.MainActivity/1
06-10 14:53:57.713  1544  2796 D ActivityTrigger: activityResumeTrigger: The activity in ApplicationInfo{4f7dd5 com.android.todolist} is now in focus and seems to be in full-screen mode
06-10 14:53:57.713  1544  2796 E ActivityTrigger: activityResumeTrigger: not whiteListedcom.android.todolist/com.android.todolist.MainActivity/1
06-10 14:53:57.729  2910  3488 D PowerKeeper.Event: notifyAMProcStart processName: 10170 reason: com.android.todolist, pid:0
06-10 14:53:57.827  2932  2944 I ProcessMonitor: onForegroundInfoChanged: ForegroundInfo{mForegroundPackageName='com.android.todolist', mForegroundUid=10170, mForegroundPid=13709, mLastForegroundPackageName='com.miui.home', mLastForegroundUid=10035, mLastForegroundPid=2174, mMultiWindowForegroundPackageName='null', mMultiWindowForegroundUid=-1, mFlags=1}
06-10 14:53:57.827  2932  2944 I GameBoosterService: onForegroundInfoChanged: Cur=com.android.todolist	 last=com.miui.home
06-10 14:53:57.828  2932  2944 D GameBoosterService: onGameStatusChange foreground:ForegroundInfo{mForegroundPackageName='com.android.todolist', mForegroundUid=10170, mForegroundPid=13709, mLastForegroundPackageName='com.miui.home', mLastForegroundUid=10035, mLastForegroundPid=2174, mMultiWindowForegroundPackageName='null', mMultiWindowForegroundUid=-1, mFlags=1}
06-10 14:53:57.873 13709 13709 W zygote64: miui_dex2oat:　OatFile: /data/app/com.android.todolist-iDRZegLLa4HqVoUebdQRXA==/oat/arm64/base.odex Compiler-Filter = quicken
06-10 14:53:57.892  2946  6445 D AppStatChecker: first launch package: com.android.todolist
06-10 14:53:57.961 13709 13709 D AccessibilityManager: AccessibilityManager status: mPackageName = com.android.todolist, mOptimizeEnabled = true, mIsEnabled = false, mIsUiAutomationEnabled = false, mIsInterestedPackage =false
06-10 14:53:57.976 13709 13709 I zygote64:   at void com.android.todolist.MainActivity.onCreate(android.os.Bundle) (MainActivity.kt:34)
06-10 14:53:57.976 13709 13709 I zygote64: Caused by: java.lang.ClassNotFoundException: Didn't find class "android.view.View$OnUnhandledKeyEventListener" on path: DexPathList[[zip file "/data/app/com.android.todolist-iDRZegLLa4HqVoUebdQRXA==/base.apk"],nativeLibraryDirectories=[/data/app/com.android.todolist-iDRZegLLa4HqVoUebdQRXA==/lib/arm64, /system/lib64, /system/vendor/lib64]]
06-10 14:53:57.976 13709 13709 I zygote64:   at void com.android.todolist.MainActivity.onCreate(android.os.Bundle) (MainActivity.kt:34)
06-10 14:53:57.977 13709 13709 I zygote64:   at void com.android.todolist.MainActivity.onCreate(android.os.Bundle) (MainActivity.kt:34)
06-10 14:53:57.977 13709 13709 I zygote64: Caused by: java.lang.ClassNotFoundException: Didn't find class "android.view.View$OnUnhandledKeyEventListener" on path: DexPathList[[zip file "/data/app/com.android.todolist-iDRZegLLa4HqVoUebdQRXA==/base.apk"],nativeLibraryDirectories=[/data/app/com.android.todolist-iDRZegLLa4HqVoUebdQRXA==/lib/arm64, /system/lib64, /system/vendor/lib64]]
06-10 14:53:57.977 13709 13709 I zygote64:   at void com.android.todolist.MainActivity.onCreate(android.os.Bundle) (MainActivity.kt:34)
06-10 14:53:57.978 13709 13709 I zygote64:   at void com.android.todolist.MainActivity.onCreate(android.os.Bundle) (MainActivity.kt:34)
06-10 14:53:57.978 13709 13709 I zygote64: Caused by: java.lang.ClassNotFoundException: Didn't find class "android.view.View$OnUnhandledKeyEventListener" on path: DexPathList[[zip file "/data/app/com.android.todolist-iDRZegLLa4HqVoUebdQRXA==/base.apk"],nativeLibraryDirectories=[/data/app/com.android.todolist-iDRZegLLa4HqVoUebdQRXA==/lib/arm64, /system/lib64, /system/vendor/lib64]]
06-10 14:53:57.979 13709 13709 I zygote64:   at void com.android.todolist.MainActivity.onCreate(android.os.Bundle) (MainActivity.kt:34)
06-10 14:53:58.539  1544  1655 I ActivityManager: Displayed com.android.todolist/.MainActivity: +777ms
06-10 14:53:58.540  2910  3488 D PowerKeeper.Event: notifyActivityLaunchTime: com.android.todolist/.MainActivity totalTime: 777
06-10 14:53:58.580 13727 13727 D AppActiveReceiver: receive app active broadcast for: com.android.todolist, install from: null
06-10 14:54:01.165  2932  2972 I ProcessMonitor: onForegroundInfoChanged: ForegroundInfo{mForegroundPackageName='com.miui.home', mForegroundUid=10035, mForegroundPid=2174, mLastForegroundPackageName='com.android.todolist', mLastForegroundUid=10170, mLastForegroundPid=13709, mMultiWindowForegroundPackageName='null', mMultiWindowForegroundUid=-1, mFlags=0}
06-10 14:54:01.165  2932  2972 I GameBoosterService: onForegroundInfoChanged: Cur=com.miui.home	 last=com.android.todolist
06-10 14:54:01.166  2932  2972 D GameBoosterService: onGameStatusChange foreground:ForegroundInfo{mForegroundPackageName='com.miui.home', mForegroundUid=10035, mForegroundPid=2174, mLastForegroundPackageName='com.android.todolist', mLastForegroundUid=10170, mLastForegroundPid=13709, mMultiWindowForegroundPackageName='null', mMultiWindowForegroundUid=-1, mFlags=0}
06-10 14:58:15.527  2174  2174 D Launcher.CellLayout: touch item:ShortcutInfo, id=94, itemType=0, user=UserHandle{0}, mIconType=0, mTitle=To Do List, mLabel=To Do List, pkgName=com.android.todolist, className=com.android.todolist.MainActivity, screenId=4, container=-100, cellX=2, cellY=0, spanX=1, spanY=1, isLandscapePos=false
06-10 14:58:15.587  1544  3042 D ActivityTrigger: activityResumeTrigger: The activity in ApplicationInfo{4f7dd5 com.android.todolist} is now in focus and seems to be in full-screen mode
06-10 14:58:15.587  1544  3042 E ActivityTrigger: activityResumeTrigger: not whiteListedcom.android.todolist/com.android.todolist.MainActivity/1
06-10 14:58:15.594  1544  3042 D ActivityTrigger: activityResumeTrigger: The activity in ApplicationInfo{4f7dd5 com.android.todolist} is now in focus and seems to be in full-screen mode
06-10 14:58:15.594  1544  3042 E ActivityTrigger: activityResumeTrigger: not whiteListedcom.android.todolist/com.android.todolist.MainActivity/1
06-10 14:58:15.621  1544  2730 D ActivityTrigger: activityResumeTrigger: The activity in ApplicationInfo{4f7dd5 com.android.todolist} is now in focus and seems to be in full-screen mode
06-10 14:58:15.621  1544  2730 E ActivityTrigger: activityResumeTrigger: not whiteListedcom.android.todolist/com.android.todolist.MainActivity/1
06-10 14:58:15.643  2932  4248 I ProcessMonitor: onForegroundInfoChanged: ForegroundInfo{mForegroundPackageName='com.android.todolist', mForegroundUid=10170, mForegroundPid=13709, mLastForegroundPackageName='com.miui.home', mLastForegroundUid=10035, mLastForegroundPid=2174, mMultiWindowForegroundPackageName='null', mMultiWindowForegroundUid=-1, mFlags=0}
06-10 14:58:15.643  2932  4248 I GameBoosterService: onForegroundInfoChanged: Cur=com.android.todolist	 last=com.miui.home
06-10 14:58:15.644  2932  4248 D GameBoosterService: onGameStatusChange foreground:ForegroundInfo{mForegroundPackageName='com.android.todolist', mForegroundUid=10170, mForegroundPid=13709, mLastForegroundPackageName='com.miui.home', mLastForegroundUid=10035, mLastForegroundPid=2174, mMultiWindowForegroundPackageName='null', mMultiWindowForegroundUid=-1, mFlags=0}
06-10 14:58:35.842  2717  4701 W MiuiPerfServiceClient: interceptAndQueuing:13709|com.android.todolist|351|309|unknown|null|com.android.todolist/com.android.todolist.MainActivity|2913673123001|Slow main thread|2
06-10 14:58:36.402   603   603 D SurfaceFlinger: duplicate layer name: changing com.android.todolist/com.android.todolist.MainActivity to com.android.todolist/com.android.todolist.MainActivity#1
06-10 14:58:37.189  2662  8345 W pjt     : Infinite Data has no result for com.android.todolist [CONTEXT service_id=177 ]
06-10 14:59:01.281  2717  4701 W MiuiPerfServiceClient: interceptAndQueuing:13709|com.android.todolist|374|201|unknown|null|com.android.todolist/com.android.todolist.MainActivity|2915712563417|Slow handle traversal|4
06-10 14:59:08.203  1882  1882 I GoogleInputMethodService: GoogleInputMethodService.onStartInput():1903 onStartInput(EditorInfo{inputType=0x0(NULL) imeOptions=0x0 privateImeOptions=null actionName=UNSPECIFIED actionLabel=null actionId=0 initialSelStart=-1 initialSelEnd=-1 initialCapsMode=0x0 hintText=null label=null packageName=com.android.todolist fieldId=2131230905 fieldName=null extras=null}, false)
06-10 14:59:09.875  2717  4701 W MiuiPerfServiceClient: interceptAndQueuing:13709|com.android.todolist|213|112|unknown|null|com.android.todolist/com.android.todolist.MainActivity|2947351707259|Slow main thread|6
06-10 15:00:08.012  1882  1882 I GoogleInputMethodService: GoogleInputMethodService.onStartInput():1903 onStartInput(EditorInfo{inputType=0x0(NULL) imeOptions=0x0 privateImeOptions=null actionName=UNSPECIFIED actionLabel=null actionId=0 initialSelStart=-1 initialSelEnd=-1 initialCapsMode=0x0 hintText=null label=null packageName=com.android.todolist fieldId=2131230905 fieldName=null extras=null}, false)
06-10 15:01:18.580  1544  2953 D ActivityTrigger: activityResumeTrigger: The activity in ApplicationInfo{4f7dd5 com.android.todolist} is now in focus and seems to be in full-screen mode
06-10 15:01:18.580  1544  2953 E ActivityTrigger: activityResumeTrigger: not whiteListedcom.android.todolist/com.android.todolist.MainActivity/1
06-10 15:01:18.737  1882  1882 I GoogleInputMethodService: GoogleInputMethodService.onStartInput():1903 onStartInput(EditorInfo{inputType=0x0(NULL) imeOptions=0x0 privateImeOptions=null actionName=UNSPECIFIED actionLabel=null actionId=0 initialSelStart=-1 initialSelEnd=-1 initialCapsMode=0x0 hintText=null label=null packageName=com.android.todolist fieldId=2131230905 fieldName=null extras=null}, false)
06-10 15:01:21.450  1544  2230 D ActivityTrigger: activityStartTrigger: Activity is Triggerred in full screen ApplicationInfo{f194136 com.android.todolist}
06-10 15:01:21.450  1544  2230 E ActivityTrigger: activityStartTrigger: not whiteListedcom.android.todolist/com.android.todolist.ListActivity/1
06-10 15:01:21.452  1544  2230 D ActivityTrigger: activityResumeTrigger: The activity in ApplicationInfo{f194136 com.android.todolist} is now in focus and seems to be in full-screen mode
06-10 15:01:21.452  1544  2230 E ActivityTrigger: activityResumeTrigger: not whiteListedcom.android.todolist/com.android.todolist.ListActivity/1
06-10 15:01:21.476 13709 13709 I Toast   : Show toast from OpPackageName:com.android.todolist, PackageName:com.android.todolist
06-10 15:01:21.477  1544  3042 D ActivityTrigger: activityResumeTrigger: The activity in ApplicationInfo{f194136 com.android.todolist} is now in focus and seems to be in full-screen mode
06-10 15:01:21.477  1544  3042 E ActivityTrigger: activityResumeTrigger: not whiteListedcom.android.todolist/com.android.todolist.ListActivity/1
06-10 15:01:21.740  1882  1882 I GoogleInputMethodService: GoogleInputMethodService.onStartInput():1903 onStartInput(EditorInfo{inputType=0x0(NULL) imeOptions=0x0 privateImeOptions=null actionName=UNSPECIFIED actionLabel=null actionId=0 initialSelStart=-1 initialSelEnd=-1 initialCapsMode=0x0 hintText=null label=null packageName=com.android.todolist fieldId=2131230904 fieldName=null extras=null}, false)
06-10 15:01:21.771  1544  1655 I ActivityManager: Displayed com.android.todolist/.ListActivity: +276ms
06-10 15:01:21.772  2910  3488 D PowerKeeper.Event: notifyActivityLaunchTime: com.android.todolist/.ListActivity totalTime: 276
06-10 15:01:22.997  1882  1882 I GoogleInputMethodService: GoogleInputMethodService.onStartInput():1903 onStartInput(EditorInfo{inputType=0x61(PersonName) imeOptions=0x6 privateImeOptions=null actionName=DONE actionLabel=null actionId=0 initialSelStart=0 initialSelEnd=0 initialCapsMode=0x0 hintText=non-empty label=null packageName=com.android.todolist fieldId=2131230877 fieldName=null extras=null}, false)
06-10 15:01:23.007  1882  1882 I GoogleInputMethodService: GoogleInputMethodService.onStartInputView():2011 onStartInputView(EditorInfo{inputType=0x61(PersonName) imeOptions=0x6 privateImeOptions=null actionName=DONE actionLabel=null actionId=0 initialSelStart=0 initialSelEnd=0 initialCapsMode=0x0 hintText=non-empty label=null packageName=com.android.todolist fieldId=2131230877 fieldName=null extras=null}, false)
06-10 15:01:23.030  1882  1882 I AndroidIME: AbstractIme.onActivate():91 LatinIme.onActivate() : EditorInfo = inputType=0x61(PersonName) imeOptions=0x6 privateImeOptions=null actionName=DONE actionLabel=null actionId=0 initialSelStart=0 initialSelEnd=0 initialCapsMode=0x0 hintText=non-empty label=null packageName=com.android.todolist fieldId=2131230877 fieldName=null extras=null, IncognitoMode = false, DeviceLocked = false
06-10 15:01:23.209  2662 14622 W pjt     : Infinite Data has no result for com.android.todolist [CONTEXT service_id=177 ]
06-10 15:01:31.283  1882  1882 I GoogleInputMethodService: GoogleInputMethodService.onStartInput():1903 onStartInput(EditorInfo{inputType=0x0(NULL) imeOptions=0x0 privateImeOptions=null actionName=UNSPECIFIED actionLabel=null actionId=0 initialSelStart=-1 initialSelEnd=-1 initialCapsMode=0x0 hintText=null label=null packageName=com.android.todolist fieldId=2131230904 fieldName=null extras=null}, false)
06-10 15:01:34.300  1544  1605 D ActivityTrigger: activityStartTrigger: Activity is Triggerred in full screen ApplicationInfo{f194136 com.android.todolist}
06-10 15:01:34.300  1544  1605 E ActivityTrigger: activityStartTrigger: not whiteListedcom.android.todolist/com.android.todolist.MainActivity/1
06-10 15:01:34.302  1544  1605 D ActivityTrigger: activityResumeTrigger: The activity in ApplicationInfo{f194136 com.android.todolist} is now in focus and seems to be in full-screen mode
06-10 15:01:34.303  1544  1605 E ActivityTrigger: activityResumeTrigger: not whiteListedcom.android.todolist/com.android.todolist.MainActivity/1
06-10 15:01:34.341  1544  1605 D ActivityTrigger: activityResumeTrigger: The activity in ApplicationInfo{f194136 com.android.todolist} is now in focus and seems to be in full-screen mode
06-10 15:01:34.341  1544  1605 E ActivityTrigger: activityResumeTrigger: not whiteListedcom.android.todolist/com.android.todolist.MainActivity/1
06-10 15:01:34.489  1882  1882 I GoogleInputMethodService: GoogleInputMethodService.onStartInput():1903 onStartInput(EditorInfo{inputType=0x0(NULL) imeOptions=0x0 privateImeOptions=null actionName=UNSPECIFIED actionLabel=null actionId=0 initialSelStart=-1 initialSelEnd=-1 initialCapsMode=0x0 hintText=null label=null packageName=com.android.todolist fieldId=2131230905 fieldName=null extras=null}, false)
06-10 15:01:34.520  1544  1655 I ActivityManager: Displayed com.android.todolist/.MainActivity: +160ms
06-10 15:01:34.520  2910  3488 D PowerKeeper.Event: notifyActivityLaunchTime: com.android.todolist/.MainActivity totalTime: 160
06-10 15:02:34.239  1882  1882 I GoogleInputMethodService: GoogleInputMethodService.onStartInput():1903 onStartInput(EditorInfo{inputType=0x0(NULL) imeOptions=0x0 privateImeOptions=null actionName=UNSPECIFIED actionLabel=null actionId=0 initialSelStart=-1 initialSelEnd=-1 initialCapsMode=0x0 hintText=null label=null packageName=com.android.todolist fieldId=2131230905 fieldName=null extras=null}, false)
06-10 15:05:35.556  1544  2807 D ActivityTrigger: activityResumeTrigger: The activity in ApplicationInfo{f194136 com.android.todolist} is now in focus and seems to be in full-screen mode
06-10 15:05:35.556  1544  2807 E ActivityTrigger: activityResumeTrigger: not whiteListedcom.android.todolist/com.android.todolist.MainActivity/1
06-10 15:05:35.748  1882  1882 I GoogleInputMethodService: GoogleInputMethodService.onStartInput():1903 onStartInput(EditorInfo{inputType=0x0(NULL) imeOptions=0x0 privateImeOptions=null actionName=UNSPECIFIED actionLabel=null actionId=0 initialSelStart=-1 initialSelEnd=-1 initialCapsMode=0x0 hintText=null label=null packageName=com.android.todolist fieldId=2131230905 fieldName=null extras=null}, false)
06-10 15:05:41.396  1544  2732 D ActivityTrigger: activityStartTrigger: Activity is Triggerred in full screen ApplicationInfo{f194136 com.android.todolist}
06-10 15:05:41.396  1544  2732 E ActivityTrigger: activityStartTrigger: not whiteListedcom.android.todolist/com.android.todolist.ListActivity/1
06-10 15:05:41.399  1544  2732 D ActivityTrigger: activityResumeTrigger: The activity in ApplicationInfo{f194136 com.android.todolist} is now in focus and seems to be in full-screen mode
06-10 15:05:41.399  1544  2732 E ActivityTrigger: activityResumeTrigger: not whiteListedcom.android.todolist/com.android.todolist.ListActivity/1
06-10 15:05:41.421 13709 13709 I Toast   : Show toast from OpPackageName:com.android.todolist, PackageName:com.android.todolist
06-10 15:05:41.423  1544  2953 D ActivityTrigger: activityResumeTrigger: The activity in ApplicationInfo{f194136 com.android.todolist} is now in focus and seems to be in full-screen mode
